// Jest Snapshot v1, https://goo.gl/fbAQLP

exports[`Should render the Ooms need container 1`] = `
<div>
  <div
    class="oomsneeds-container"
  >
    <div
      class="needs"
    >
      <img
        alt="ooms needs"
        class="needs__image"
        src="Battery-0.svg"
      />
      <p
        class="needs__percentage"
      >
        0
        %
      </p>
    </div>
    <div
      class="needs"
    >
      <img
        alt="ooms needs"
        class="needs__image"
        src="Smiley.svg"
      />
      <p
        class="needs__percentage"
      >
        90
        %
      </p>
    </div>
    <div
      class="needs"
    >
      <img
        alt="ooms needs"
        class="needs__image"
        src="Battery-20.svg"
      />
      <p
        class="needs__percentage"
      >
        20
        %
      </p>
    </div>
  </div>
</div>
`;
