// Jest Snapshot v1, https://goo.gl/fbAQLP

exports[`Should render the button 1`] = `
<div>
  <button />
</div>
`;
