// Jest Snapshot v1, https://goo.gl/fbAQLP

exports[`Should render the Swing Game Play screen 1`] = `
<div>
  <div
    class="swing-game-play"
  >
    <p>
      Nothing!
    </p>
  </div>
</div>
`;
