// Jest Snapshot v1, https://goo.gl/fbAQLP

exports[`Should render the Ooms needs 1`] = `
<div>
  <div
    class="ooms-needs"
  >
    <img
      alt="ooms needs"
    />
    <p
      class="ooms-needs__percentage"
    >
      %
    </p>
  </div>
</div>
`;
