// Jest Snapshot v1, https://goo.gl/fbAQLP

exports[`Should render the navbar 1`] = `
<div>
  <div
    class="nav-bar"
  >
    <div
      class="nav-bar__section"
    >
      <img
        alt="Logo image"
        class="logo__image"
        src="logo.png"
      />
      <div
        class="nav-bar-header"
      >
        <h2
          class="nav-bar-header__heading"
        >
          Phonics stages
        </h2>
      </div>
      <a
        href="/swing-gamePlay"
      >
        <h3>
          Swing game
        </h3>
      </a>
      <h2>
        Introduction
      </h2>
      <a
        href="/level-select-card-container"
      >
        <div
          class="nav-bar-header"
        >
          <h2
            class="nav-bar-header__heading"
          >
            Level 1
          </h2>
        </div>
      </a>
      <a
        href="/swing-gamePlay"
      >
        <div
          class="nav-bar-header"
        >
          <h2
            class="nav-bar-header__heading"
          >
            Game Play
          </h2>
        </div>
      </a>
      <a
        href="/dashboard"
      >
        <div
          class="nav-bar-header"
        >
          <h2
            class="nav-bar-header__heading"
          >
            Dashboard
          </h2>
        </div>
      </a>
      <a
        href="/stats-page"
      >
        <div
          class="nav-bar-header"
        >
          <h2
            class="nav-bar-header__heading"
          >
            Stats
          </h2>
        </div>
      </a>
      <h2>
        Jack
      </h2>
      <a
        href="/avatarcreation"
      >
        <div
          class="nav-bar-header"
        >
          <h2
            class="nav-bar-header__heading"
          >
            Add Avatar
          </h2>
        </div>
      </a>
    </div>
    <button
      class="button-logout"
    >
      Logout
    </button>
  </div>
</div>
`;

exports[`Should render the navbar 2`] = `
<div>
  <div
    class="nav-bar"
  >
    <div
      class="nav-bar__section"
    >
      <img
        alt="Logo image"
        class="logo__image"
        src="logo.png"
      />
      <div
        class="nav-bar-header"
      >
        <h2
          class="nav-bar-header__heading"
        >
          Phonics stages
        </h2>
      </div>
      <a
        href="/swing-gamePlay"
      >
        <h3>
          Swing game
        </h3>
      </a>
      <h2>
        Introduction
      </h2>
      <a
        href="/level-select-card-container"
      >
        <div
          class="nav-bar-header"
        >
          <h2
            class="nav-bar-header__heading"
          >
            Level 1
          </h2>
        </div>
      </a>
      <a
        href="/swing-gamePlay"
      >
        <div
          class="nav-bar-header"
        >
          <h2
            class="nav-bar-header__heading"
          >
            Game Play
          </h2>
        </div>
      </a>
      <a
        href="/dashboard"
      >
        <div
          class="nav-bar-header"
        >
          <h2
            class="nav-bar-header__heading"
          >
            Dashboard
          </h2>
        </div>
      </a>
      <a
        href="/stats-page"
      >
        <div
          class="nav-bar-header"
        >
          <h2
            class="nav-bar-header__heading"
          >
            Stats
          </h2>
        </div>
      </a>
      <h2>
        Jack
      </h2>
      <a
        href="/avatarcreation"
      >
        <div
          class="nav-bar-header"
        >
          <h2
            class="nav-bar-header__heading"
          >
            Add Avatar
          </h2>
        </div>
      </a>
    </div>
    <button
      class="button-logout"
    >
      Logout
    </button>
  </div>
</div>
`;
